2                            //软件的功能参数（=1，任务轨道设计；=2，任务轨道控制；=3，转移轨道设计）
---------------------------------------------------------------------------------------------------------------------------------------------
5                          //待设计任务轨道的类型参数（=1，DRO；=2，NRHO；=3，HALO；=4，Lissajous；=5，L4点；=6，L5点）
##############################################################################################
10000                      //待设计DRO轨道的振幅参数（单位：km，取值在月球半径~11万公里之间）
0.5001                       //待设计DRO轨道的初始相位参数（取值在0~1之间）
2024  1  1  0  0  0.0  //待设计DRO轨道设计的起始历元（年-月-日-时-分-秒格式的UTC）
0.1                         //待设计DRO轨道的维持时间（单位：年；取值大于0，不大于20）
1                             //太阳的第三体引力摄动开关（=0，关闭；=1，打开）
1                             //大行星的第三体引力摄动开关（=0，关闭；=1，打开）
1                             //地球的非球形引力摄动开关（=0，关闭；=1，打开）
1                             //月球的非球形引力摄动开关（=0，关闭；=1，打开）
2                             //光压摄动参数（=0，关闭；=1，炮弹模型；=2，ECOM模型）
0                             //大气摄动开关（=0，关闭；=1，打开）
0                             //广义相对论效应修正（=0，关闭；=1，打开）
1                             //地球的潮汐摄动（=0，关闭；=1，打开）
1                             //地球非球形和大天体的耦合项（=0，关闭；=1，打开）
0.01                         //等效面质比，也是DYB模型D方向上的常量分量DYB(1)（单位：m2/kg）
0.00                         //DYB(2)相对DYB(1)的比值
0.00                         //DYB(3)相对DYB(1)的比值
0.00                         //DYB(4)相对DYB(1)的比值
0.00                         //DYB(5)相对DYB(1)的比值
0.00                         //DYB(6)相对DYB(1)的比值
0.00                         //DYB(7)相对DYB(1)的比值
0.00                         //DYB(8)相对DYB(1)的比值
0.00                         //DYB(9)相对DYB(1)的比值
10                           //地球非球形引力位阶次数
10                           //月球非球形引力位阶次数
60.0                   //用户指定的星历输出间隔（单位：sec）
##############################################################################################
1                             //共线平动点编号（取值为1或2）
2                             //北或南NRHO轨道（=1，北NRHO轨道；=2，南NRHO轨道）
5000                        //待设计NRHO轨道的近地点高度（单位：km，取值范围在100~10000之间）
2027  12  8  5  0  0.0  //待设计NRHO轨道设计的起始历元（年-月-日-时-分-秒格式的UTC）
0.2                          //待设计NRHO轨道的维持时间（单位：年；取值大于0，不大于20）
1                             //太阳的第三体引力摄动开关（=0，关闭；=1，打开）
1                             //大行星的第三体引力摄动开关（=0，关闭；=1，打开）
1                             //地球的非球形引力摄动开关（=0，关闭；=1，打开）
0                             //月球的非球形引力摄动开关（=0，关闭；=1，打开）
2                             //光压摄动参数（=0，关闭；=1，炮弹模型；=2，ECOM模型）
0                             //大气摄动开关（=0，关闭；=1，打开）
0                             //广义相对论效应修正（=0，关闭；=1，打开）
1                             //地球的潮汐摄动（=0，关闭；=1，打开）
1                             //地球非球形和大天体的耦合项（=0，关闭；=1，打开）
0.01                         //等效面质比，也是DYB模型D方向上的常量分量DYB(1)（单位：m2/kg）
0.00                         //DYB(2)相对DYB(1)的比值
0.00                         //DYB(3)相对DYB(1)的比值
0.00                         //DYB(4)相对DYB(1)的比值
0.00                         //DYB(5)相对DYB(1)的比值
0.00                         //DYB(6)相对DYB(1)的比值
0.00                         //DYB(7)相对DYB(1)的比值
0.00                         //DYB(8)相对DYB(1)的比值
0.00                         //DYB(9)相对DYB(1)的比值
10                           //地球非球形引力位阶次数
10                           //月球非球形引力位阶次数
60.0                   //用户指定的星历输出间隔（单位：sec）
##############################################################################################
2                             //共线平动点编号（取值为1或2）
30000                      //待设计halo轨道的白道面外振幅参数（单位：km，取值在-73000~73000之间）
0                            //待设计halo轨道的初始相位参数（取值在0~1之间）
2024  1  1  0  0  0.0  //待设计halo轨道设计的起始历元（年-月-日-时-分-秒格式的UTC）
1	                         //待设计halo轨道的维持时间（单位：年；取值大于0，不大于20）
1                             //太阳的第三体引力摄动开关（=0，关闭；=1，打开）
1                             //大行星的第三体引力摄动开关（=0，关闭；=1，打开）
1                             //地球的非球形引力摄动开关（=0，关闭；=1，打开）
1                             //月球的非球形引力摄动开关（=0，关闭；=1，打开）
2                             //光压摄动参数（=0，关闭；=1，炮弹模型；=2，ECOM模型）
0                             //大气摄动开关（=0，关闭；=1，打开）
0                             //广义相对论效应修正（=0，关闭；=1，打开）
1                             //地球的潮汐摄动（=0，关闭；=1，打开）
1                             //地球非球形和大天体的耦合项（=0，关闭；=1，打开）
0.01                         //等效面质比，也是DYB模型D方向上的常量分量DYB(1)（单位：m2/kg）
0.00                         //DYB(2)相对DYB(1)的比值
0.00                         //DYB(3)相对DYB(1)的比值
0.00                         //DYB(4)相对DYB(1)的比值
0.00                         //DYB(5)相对DYB(1)的比值
0.00                         //DYB(6)相对DYB(1)的比值
0.00                         //DYB(7)相对DYB(1)的比值
0.00                         //DYB(8)相对DYB(1)的比值
0.00                         //DYB(9)相对DYB(1)的比值
10                           //地球非球形引力位阶次数
10                           //月球非球形引力位阶次数
3600.0                   //用户指定的星历输出间隔（单位：sec）
##############################################################################################
1                             //共线平动点编号（取值为1, 2或3）
2500                    //待设计Lissajous轨道的白道面内振幅参数（单位：km。对L1、L2点，此值不超过7600km；对L3点，此值不超过100000km）
7500                    //待设计Lissajous轨道的白道面外振幅参数（单位：km。对L1、L2点，此值不超过7600km；对L3点，此值不超过100000km）
0.01                       //待设计Lissajous轨道在白道面内的初始相位参数（取值在0~1之间）
0.55                       //待设计Lissajous轨道在白道面外的初始相位参数（取值在0~1之间）
2024  1  1  0  0  0.0  //待设计Lissajous轨道设计的起始历元（年-月-日-时-分-秒格式的UTC）
1                         //待设计Lissajous轨道的维持时间（单位：年；取值大于0，不大于20）
1                             //太阳的第三体引力摄动开关（=0，关闭；=1，打开）
1                             //大行星的第三体引力摄动开关（=0，关闭；=1，打开）
1                             //地球的非球形引力摄动开关（=0，关闭；=1，打开）
1                             //月球的非球形引力摄动开关（=0，关闭；=1，打开）
2                             //光压摄动参数（=0，关闭；=1，炮弹模型；=2，ECOM模型）
0                             //大气摄动开关（=0，关闭；=1，打开）
0                             //广义相对论效应修正（=0，关闭；=1，打开）
1                             //地球的潮汐摄动（=0，关闭；=1，打开）
1                             //地球非球形和大天体的耦合项（=0，关闭；=1，打开）
0.01                         //等效面质比，也是DYB模型D方向上的常量分量DYB(1)（单位：m2/kg）
0.00                         //DYB(2)相对DYB(1)的比值
0.00                         //DYB(3)相对DYB(1)的比值
0.00                         //DYB(4)相对DYB(1)的比值
0.00                         //DYB(5)相对DYB(1)的比值
0.00                         //DYB(6)相对DYB(1)的比值
0.00                         //DYB(7)相对DYB(1)的比值
0.00                         //DYB(8)相对DYB(1)的比值
0.00                         //DYB(9)相对DYB(1)的比值
10                           //地球非球形引力位阶次数
10                           //月球非球形引力位阶次数
3600.0                   //用户指定的星历输出间隔（单位：sec）
##############################################################################################
8000                      //待设计L4点轨道的白道面内振幅参数（单位：km；此值不超过10000km）
6000                      //待设计L4点轨道的白道面外振幅参数（单位：km；此值不超过76000km）
0.00                       //待设计L4点轨道在白道面内的初始相位参数（取值在0~1之间）
0.00                       //待设计L4点轨道在白道面外的初始相位参数（取值在0~1之间）
2000  1  1  12  0  0.0  //待设计Lissajous轨道设计的起始历元（年-月-日-时-分-秒格式的UTC）
10                         //待设计Lissajous轨道的维持时间（单位：年；取值大于0，不大于20）
1                             //太阳的第三体引力摄动开关（=0，关闭；=1，打开）
0                             //大行星的第三体引力摄动开关（=0，关闭；=1，打开）
0                             //地球的非球形引力摄动开关（=0，关闭；=1，打开）
0                             //月球的非球形引力摄动开关（=0，关闭；=1，打开）
0                             //光压摄动参数（=0，关闭；=1，炮弹模型；=2，ECOM模型）
0                             //大气摄动开关（=0，关闭；=1，打开）
0                             //广义相对论效应修正（=0，关闭；=1，打开）
0                             //地球的潮汐摄动（=0，关闭；=1，打开）
0                             //地球非球形和大天体的耦合项（=0，关闭；=1，打开）
0.01                         //等效面质比，也是DYB模型D方向上的常量分量DYB(1)（单位：m2/kg）
0.00                         //DYB(2)相对DYB(1)的比值
0.00                         //DYB(3)相对DYB(1)的比值
0.00                         //DYB(4)相对DYB(1)的比值
0.00                         //DYB(5)相对DYB(1)的比值
0.00                         //DYB(6)相对DYB(1)的比值
0.00                         //DYB(7)相对DYB(1)的比值
0.00                         //DYB(8)相对DYB(1)的比值
0.00                         //DYB(9)相对DYB(1)的比值
10                           //地球非球形引力位阶次数
10                           //月球非球形引力位阶次数
36000.0                   //用户指定的星历输出间隔（单位：sec）
##############################################################################################
8000                      //待设计L5点轨道的白道面内振幅参数（单位：km；此值不超过10000km）
6000                      //待设计L5点轨道的白道面外振幅参数（单位：km；此值不超过76000km）
0.035                       //待设计L5点轨道在白道面内的初始相位参数（取值在0~1之间）
0.035                       //待设计L5点轨道在白道面外的初始相位参数（取值在0~1之间）
2028  1  1  0  0  0.0  //待设计Lissajous轨道设计的起始历元（年-月-日-时-分-秒格式的UTC）
1                         //待设计Lissajous轨道的维持时间（单位：年；取值大于0，不大于20）
1                             //太阳的第三体引力摄动开关（=0，关闭；=1，打开）
1                             //大行星的第三体引力摄动开关（=0，关闭；=1，打开）
1                             //地球的非球形引力摄动开关（=0，关闭；=1，打开）
1                             //月球的非球形引力摄动开关（=0，关闭；=1，打开）
2                             //光压摄动参数（=0，关闭；=1，炮弹模型；=2，ECOM模型）
0                             //大气摄动开关（=0，关闭；=1，打开）
0                             //广义相对论效应修正（=0，关闭；=1，打开）
1                             //地球的潮汐摄动（=0，关闭；=1，打开）
1                             //地球非球形和大天体的耦合项（=0，关闭；=1，打开）
0.01                         //等效面质比，也是DYB模型D方向上的常量分量DYB(1)（单位：m2/kg）
0.00                         //DYB(2)相对DYB(1)的比值
0.00                         //DYB(3)相对DYB(1)的比值
0.00                         //DYB(4)相对DYB(1)的比值
0.00                         //DYB(5)相对DYB(1)的比值
0.00                         //DYB(6)相对DYB(1)的比值
0.00                         //DYB(7)相对DYB(1)的比值
0.00                         //DYB(8)相对DYB(1)的比值
0.00                         //DYB(9)相对DYB(1)的比值
10                           //地球非球形引力位阶次数
10                           //月球非球形引力位阶次数
36000.0                   //用户指定的星历输出间隔（单位：sec）
##############################################################################################
1                             //用于轨道控制量计算的太阳的第三体引力摄动开关（=0，关闭；=1，打开）
1                             //用于轨道控制量计算的大行星的第三体引力摄动开关（=0，关闭；=1，打开）
1                             //用于轨道控制量计算的地球的非球形引力摄动开关（=0，关闭；=1，打开）
1                             //用于轨道控制量计算的月球的非球形引力摄动开关（=0，关闭；=1，打开）
2                             //用于轨道控制量计算的光压摄动参数（=0，关闭；=1，炮弹模型；=2，ECOM模型）
0                             //用于轨道控制量计算的大气摄动开关（=0，关闭；=1，打开）
0                             //用于轨道控制量计算的广义相对论效应修正（=0，关闭；=1，打开）
1                             //用于轨道控制量计算的地球的潮汐摄动（=0，关闭；=1，打开）
1                             //用于轨道控制量计算的地球非球形和大天体的耦合项（=0，关闭；=1，打开）
1                             //用于模拟实际力模型的太阳的第三体引力摄动开关（=0，关闭；=1，打开）
1                             //用于模拟实际力模型的大行星的第三体引力摄动开关（=0，关闭；=1，打开）
1                             //用于模拟实际力模型的地球的非球形引力摄动开关（=0，关闭；=1，打开）
1                             //用于模拟实际力模型的月球的非球形引力摄动开关（=0，关闭；=1，打开）
2                             //用于模拟实际力模型的光压摄动参数（=0，关闭；=1，炮弹模型；=2，ECOM模型）
0                             //用于模拟实际力模型的大气摄动开关（=0，关闭；=1，打开）
0                             //用于模拟实际力模型的广义相对论效应修正（=0，关闭；=1，打开）
1                             //用于模拟实际力模型的地球的潮汐摄动（=0，关闭；=1，打开）
1                             //用于模拟实际力模型的地球非球形和大天体的耦合项（=0，关闭；=1，打开）
0.01                         //等效面质比，也是DYB模型D方向上的常量分量DYB(1)（单位：m2/kg）
0.00                         //DYB(2)相对DYB(1)的比值（控制计算理论模型）
0.00                         //DYB(3)相对DYB(1)的比值（控制计算理论模型）
0.00                         //DYB(4)相对DYB(1)的比值（控制计算理论模型）
0.00                         //DYB(5)相对DYB(1)的比值（控制计算理论模型）
0.00                         //DYB(6)相对DYB(1)的比值（控制计算理论模型）
0.00                         //DYB(7)相对DYB(1)的比值（控制计算理论模型）
0.00                         //DYB(8)相对DYB(1)的比值（控制计算理论模型）
0.00                         //DYB(9)相对DYB(1)的比值（控制计算理论模型）
0.10                         //ECOM模型三个方向上各系数的误差量级（百分比/100）
2                             //地球非球形引力位阶次数（控制计算理论模型）
2                             //月球非球形引力位阶次数（控制计算理论模型）
10                           //地球非球形引力位阶次数（模拟的实际力模型）
10                           //月球非球形引力位阶次数（模拟的实际力模型）
1500.0                     //轨道测控的位置精度（1-sigma，单位：m）
0.002                       //轨道测控的速度精度（1-sigma，单位：m/s）
0.333                       //轨控发动机的角度精度（1-sigma，单位：deg）
10.0                         //轨控发动机的中点值（单位：m/s）
0.003                       //轨控发动机喷气速度量大小的相对精度（1-sigma，百分比/100，当喷气量大于中点值时）
0.033                       //轨控发动机喷气速度量大小的误差精度（1-sigma，单位：m/s，当喷气量小于中点值时）
0.1                           //轨控发动机的最小开机速度增量（单位：m/s）
100.0                       //轨控发动机的最大开机速度增量（单位：m/s）
1000.0                     //轨控发动机允许的所有速度增量（单位：m/s）
1  0                             //轨控模式（=1，目标点宽松；=2，目标点紧致；=3，特征点；=4，目标点宽松+角动量管理；=5，目标点紧致+角动量管理；=6，特征点+角动量管理）目标轨道是否为NRHO轨道（=1，是；=0，否）
1                             //特征点的控制模式参数（=1，Lissajous类型轨道；=2，halo类型轨道）
30.0                         //各控制方案的控制时间间隔（单位：day）
28.0                         //目标点紧致控制方案的反馈弧段长度（包括不考虑和考虑角动量管理两种情形，单位：day）
3                             //特征点控制方案中使用的与x-z平面的交点次数。
120      5       86400.0           //用户指定的控制次数（总控制时间长度=（控制次数-1）*控制时间间隔）、MonteCarlo仿真次数、输出星历的时间间隔（单位s）
##############################################################################################
1                             //太阳的第三体引力摄动开关（=0，关闭；=1，打开）
1                             //大行星的第三体引力摄动开关（=0，关闭；=1，打开）
1                             //地球的非球形引力摄动开关（=0，关闭；=1，打开）
1                             //月球的非球形引力摄动开关（=0，关闭；=1，打开）
2                             //光压摄动参数（=0，关闭；=1，炮弹模型；=2，ECOM模型）
0                             //大气摄动开关（=0，关闭；=1，打开）
0                             //广义相对论效应修正（=0，关闭；=1，打开）
1                             //地球的潮汐摄动（=0，关闭；=1，打开）
1                             //地球非球形和大天体的耦合项（=0，关闭；=1，打开）
0.01                         //等效面质比，也是DYB模型D方向上的常量分量DYB(1)（单位：m2/kg）
0.00                         //DYB(2)相对DYB(1)的比值
0.00                         //DYB(3)相对DYB(1)的比值
0.00                         //DYB(4)相对DYB(1)的比值
0.00                         //DYB(5)相对DYB(1)的比值
0.00                         //DYB(6)相对DYB(1)的比值
0.00                         //DYB(7)相对DYB(1)的比值
0.00                         //DYB(8)相对DYB(1)的比值
0.00                         //DYB(9)相对DYB(1)的比值
10                           //地球非球形引力位阶次数
10                           //月球非球形引力位阶次数
400.0                       //TLI点的高度（单位：km）
30.0                         //TLI点的轨道倾角（单位：deg）
11.0                         //TLI点的飞行角（单位：deg）
3.0                           //转移轨道的飞行时间下限（单位：day）
90.0                           //转移轨道的飞行时间上限（单位：day）
3                             //转移轨道的类型参数（=1，直接转移；=2，借助月球引力的间接转移；=3，借助太阳引力的间接转移）
##############################################################################################
END OF THE INPUT FILE
